2025-10-04 18:33:46,115 - INFO - Basit harita baþarýyla oluþturuldu
2025-10-04 18:33:50,765 - INFO - Harita týklandý: (40.085400, 32.832700)
2025-10-04 18:33:50,766 - INFO - Marker eklendi: WP1 (40.085400, 32.832700)
2025-10-04 18:33:51,519 - INFO - Harita týklandý: (40.088400, 32.692700)
2025-10-04 18:33:51,519 - INFO - Marker eklendi: WP2 (40.088400, 32.692700)
2025-10-04 18:33:51,946 - INFO - Harita týklandý: (40.108400, 33.060700)
2025-10-04 18:33:51,947 - INFO - Marker eklendi: WP3 (40.108400, 33.060700)
2025-10-04 18:33:52,285 - INFO - Harita týklandý: (39.985400, 33.027700)
2025-10-04 18:33:52,290 - INFO - Marker eklendi: WP4 (39.985400, 33.027700)
2025-10-04 18:33:52,539 - INFO - Harita týklandý: (39.937400, 32.992700)
2025-10-04 18:33:52,540 - INFO - Marker eklendi: WP5 (39.937400, 32.992700)
2025-10-04 18:33:52,733 - INFO - Harita týklandý: (39.950400, 32.805700)
2025-10-04 18:33:52,734 - INFO - Marker eklendi: WP6 (39.950400, 32.805700)
2025-10-04 18:33:52,908 - INFO - Harita týklandý: (39.973400, 32.714700)
2025-10-04 18:33:52,909 - INFO - Marker eklendi: WP7 (39.973400, 32.714700)
2025-10-04 18:33:53,219 - INFO - Harita týklandý: (39.886400, 32.965700)
2025-10-04 18:33:53,220 - INFO - Marker eklendi: WP8 (39.886400, 32.965700)
2025-10-04 18:33:53,400 - INFO - Harita týklandý: (40.030400, 33.020700)
2025-10-04 18:33:53,402 - INFO - Marker eklendi: WP9 (40.030400, 33.020700)
2025-10-04 18:33:53,586 - INFO - Harita týklandý: (40.070400, 32.850700)
2025-10-04 18:33:53,586 - INFO - Marker eklendi: WP10 (40.070400, 32.850700)
2025-10-04 18:33:53,875 - INFO - Harita týklandý: (39.988400, 32.512700)
2025-10-04 18:33:53,877 - INFO - Marker eklendi: WP11 (39.988400, 32.512700)
2025-10-04 18:33:54,044 - INFO - Harita týklandý: (40.024400, 32.543700)
2025-10-04 18:33:54,045 - INFO - Marker eklendi: WP12 (40.024400, 32.543700)
2025-10-04 18:33:54,197 - INFO - Harita týklandý: (40.095400, 32.716700)
2025-10-04 18:33:54,197 - INFO - Marker eklendi: WP13 (40.095400, 32.716700)
2025-10-04 18:33:54,354 - INFO - Harita týklandý: (40.102400, 32.796700)
2025-10-04 18:33:54,355 - INFO - Marker eklendi: WP14 (40.102400, 32.796700)
2025-10-04 18:33:54,511 - INFO - Harita týklandý: (40.220400, 32.800700)
2025-10-04 18:33:54,512 - INFO - Marker eklendi: WP15 (40.220400, 32.800700)
2025-10-04 18:33:54,693 - INFO - Harita týklandý: (40.179400, 32.659700)
2025-10-04 18:33:54,694 - INFO - Marker eklendi: WP16 (40.179400, 32.659700)
2025-10-04 18:33:54,847 - INFO - Harita týklandý: (40.165400, 32.647700)
2025-10-04 18:33:54,847 - INFO - Marker eklendi: WP17 (40.165400, 32.647700)
2025-10-04 18:34:08,868 - INFO - [18:34:08] ACÝL DURDUR - Tüm operasyonlar durduruldu!
2025-10-04 18:35:49,933 - INFO - Basit harita baþarýyla oluþturuldu
2025-10-04 18:35:54,167 - INFO - Harita týklandý: (40.006400, 32.815700)
2025-10-04 18:35:54,169 - INFO - Marker eklendi: WP1 (40.006400, 32.815700)
2025-10-04 18:35:54,202 - INFO - Basit harita baþarýyla oluþturuldu
2025-10-04 18:35:54,202 - INFO - Test mesaji
2025-10-04 18:35:54,202 - INFO - Marker eklendi: Test Marker (39.933400, 32.859700)
2025-10-04 18:35:54,481 - INFO - Basit harita baþarýyla oluþturuldu
2025-10-04 18:35:54,514 - INFO - Harita týklandý: (40.097400, 32.772700)
2025-10-04 18:35:54,515 - INFO - Marker eklendi: WP2 (40.097400, 32.772700)
2025-10-04 18:35:54,938 - INFO - Harita týklandý: (40.139400, 32.901700)
2025-10-04 18:35:54,940 - INFO - Marker eklendi: WP3 (40.139400, 32.901700)
2025-10-04 18:35:55,296 - INFO - Harita týklandý: (40.073400, 33.080700)
2025-10-04 18:35:55,296 - INFO - Marker eklendi: WP4 (40.073400, 33.080700)
2025-10-04 18:35:55,500 - INFO - Harita týklandý: (40.018400, 33.086700)
2025-10-04 18:35:55,501 - INFO - Marker eklendi: WP5 (40.018400, 33.086700)
2025-10-04 18:35:55,665 - INFO - Harita týklandý: (40.034400, 33.009700)
2025-10-04 18:35:55,666 - INFO - Marker eklendi: WP6 (40.034400, 33.009700)
2025-10-04 18:35:55,817 - INFO - Harita týklandý: (39.987400, 33.052700)
2025-10-04 18:35:55,817 - INFO - Marker eklendi: WP7 (39.987400, 33.052700)
2025-10-04 18:35:56,024 - INFO - Harita týklandý: (39.972400, 32.945700)
2025-10-04 18:35:56,025 - INFO - Marker eklendi: WP8 (39.972400, 32.945700)
2025-10-04 18:35:56,227 - INFO - Harita týklandý: (39.909400, 32.958700)
2025-10-04 18:35:56,228 - INFO - Marker eklendi: WP9 (39.909400, 32.958700)
2025-10-04 18:35:56,932 - INFO - Harita týklandý: (39.899400, 32.715700)
2025-10-04 18:35:56,933 - INFO - Marker eklendi: WP10 (39.899400, 32.715700)
2025-10-04 18:35:57,178 - INFO - Harita týklandý: (40.020400, 32.587700)
2025-10-04 18:35:57,179 - INFO - Marker eklendi: WP11 (40.020400, 32.587700)
2025-10-04 18:35:57,346 - INFO - Harita týklandý: (40.106400, 32.612700)
2025-10-04 18:35:57,347 - INFO - Marker eklendi: WP12 (40.106400, 32.612700)
2025-10-04 18:35:57,486 - INFO - Harita týklandý: (40.101400, 32.680700)
2025-10-04 18:35:57,487 - INFO - Marker eklendi: WP13 (40.101400, 32.680700)
2025-10-04 18:35:57,636 - INFO - Harita týklandý: (40.196400, 32.625700)
2025-10-04 18:35:57,637 - INFO - Marker eklendi: WP14 (40.196400, 32.625700)
2025-10-04 18:35:57,755 - INFO - Harita týklandý: (40.212400, 32.687700)
2025-10-04 18:35:57,756 - INFO - Marker eklendi: WP15 (40.212400, 32.687700)
2025-10-04 18:39:01,171 - INFO - Basit harita baþarýyla oluþturuldu
2025-10-04 18:39:31,326 - INFO - Basit harita baþarýyla oluþturuldu
2025-10-04 18:40:22,696 - INFO - Basit harita baþarýyla oluþturuldu
